python3 ./validrock.py -i examples/examplerock1.dat
Reading reference rock properties from configrocks.txt
 - refrocks/rocks_minmax.txt
Reading rock properties from examples/examplerock1.dat
 - examples/examplerock1.dat
Error: Cannot find a reference sample matching rock 'bad' with the following properties: vp = 30.0 vs = 50.0 density = 70.0 
deep1 matches amphibolite - andesite - basalt - diabase - gabbro - gneiss - schist - trachite
basement1 matches andesite - anorthosite - diabase - dolomite - gneiss - granite - limestone - marble - mudstone - phyllite - porphyrite - quartzite - schist - serpentinite - shale - syenite - trachite
basement2 matches andesite - anorthosite - diabase - dolomite - gneiss - granite - limestone - marble - mudstone - phyllite - porphyrite - quartzite - schist - serpentinite - shale - syenite - trachite
layer1 matches andesite - anorthosite - diabase - gneiss - granite - limestone - marble - mudstone - phyllite - porphyrite - quartzite - schist - serpentinite - shale - syenite - trachite
layer2 matches andesite - anorthosite - diabase - dolomite - gneiss - granite - limestone - marble - mudstone - phyllite - porphyrite - quartzite - schist - serpentinite - shale - syenite - trachite
layer3 matches andesite - diabase - dolomite - granite - marl - mudstone - rhyolite - sandstone - schist - serpentinite - shale - trachite
layer4 matches andesite - anorthosite - basalt - diabase - diorite - dolomite - gabbro - gneiss - granite - granodiorite - marble - phyllite - porphyrite - quartzdiorite - schist - shale - syenite - trachite
layer5 matches andesite - anorthosite - diabase - dolomite - gneiss - granite - granodiorite - limestone - marble - mudstone - phyllite - porphyrite - quartzite - schist - serpentinite - shale - syenite - trachite
layer6 matches andesite - anorthosite - diabase - gneiss - granite - limestone - marble - mudstone - phyllite - porphyrite - quartzite - schist - serpentinite - shale - trachite
layer7 matches marl - mudstone - rhyolite - sandstone - shale
layer8 matches gypsum - marl - rhyolite - salt - sandstone - shale - tuff
layer9 matches chalk - clay - conglomerate - slate - soil - tuff
layer10 matches chalk - clay - conglomerate - slate - soil - tuff
bad does not match any reference
