python3 ./validearth.py -i examples/example4.dat -pdf -detailed
Reading a list of reference models from config.txt
 - models/ak135f-sph-deviation.dat
 - models/PREM.dat
 - models/ak135f-sph.dat
 - models/MantleChemistry.dat
 - models/Geotherm_TC1.dat
 - models/Liquidus-HerzbergZhang1996.dat
 - models/Solidus-Andraut2018.dat
Reading file examples/example4.dat
Checking layer structure
Checking layer boundaries
Reading Pressure-Depth parameterisation from models/PREM.dat
Using PREM as a pressure-depth dependency model
Assessing the following input model physical quantities: 
Temperature
Assessing Temperature
Reading models/ak135f-sph-deviation.dat for model ak135-f Deviation
Field not found; skipping
Reading models/PREM.dat for model PREM
Field not found; skipping
Reading models/ak135f-sph.dat for model ak135-f - spherical average structure
Field not found; skipping
Reading models/MantleChemistry.dat for model Afonso2013&Liu2023
Field not found; skipping
Reading models/Geotherm_TC1.dat for model TC1
Printing a full comparison for Temperature using TC1 as a reference
Layer#   -   Depth  -  Value    - Reference -   StDev   - Difference
   0 -        0.00  -   281.00  -   287.12  -    20.00  -     6.12 
   1 -     3000.00  -   381.95  -   333.15  -    21.13  -   -48.80 
   2 -     5000.00  -   438.88  -   363.84  -    21.88  -   -75.04 
   3 -     8000.00  -   537.36  -   410.87  -    23.11  -  -126.49 
   4 -    10000.00  -   581.44  -   442.29  -    23.94  -  -139.15 
   5 -    12000.00  -   602.35  -   473.06  -    24.82  -  -129.29 
   6 -    15000.00  -   636.59  -   519.02  -    26.13  -  -117.56 
   7 -    20000.00  -   714.39  -   593.78  -    28.16  -  -120.61 
   8 -    25000.00  -   772.59  -   664.26  -    29.80  -  -108.34 
   9 -    30000.00  -   824.63  -   733.01  -    31.76  -   -91.62 
  10 -    35000.00  -   873.78  -   800.20  -    33.41  -   -73.58 
  11 -    40000.00  -   923.12  -   862.65  -    35.04  -   -60.47 
  12 -    40500.00  -   928.06  -   868.63  -    35.20  -   -59.43 
  13 -    45000.00  -   972.46  -   922.72  -    36.70  -   -49.74 
  14 -    45500.00  -   977.38  -   928.76  -    36.87  -   -48.62 
  15 -    46000.00  -   982.30  -   934.81  -    37.03  -   -47.50 
  16 -    46500.00  -   987.23  -   940.85  -    37.20  -   -46.37 
  17 -    47000.00  -   992.15  -   946.90  -    37.37  -   -45.25 
  18 -    47500.00  -   997.07  -   952.94  -    37.54  -   -44.13 
  19 -    48000.00  -  1450.00  -   958.99  -    37.71  -  -491.01 
  20 -    48500.00  -  1600.00  -   965.03  -    37.88  -  -634.97 
  21 -    49000.00  -  1600.00  -   970.45  -    38.02  -  -629.55 
  22 -    49500.00  -  1575.00  -   974.23  -    38.11  -  -600.77 
  23 -    50000.00  -  1550.00  -   978.00  -    38.20  -  -572.00 
  24 -    55000.00  -  1500.00  -  1015.74  -    39.09  -  -484.26 
  25 -    60000.00  -  1450.00  -  1053.48  -    39.98  -  -396.52 
  26 -    65000.00  -  1400.00  -  1090.35  -    40.91  -  -309.65 
  27 -    70000.00  -  1300.00  -  1127.20  -    41.84  -  -172.80 
  28 -    75000.00  -  1258.85  -  1162.38  -    42.84  -   -96.47 
  29 -    80000.00  -  1303.79  -  1197.22  -    43.86  -  -106.57 
  30 -    85000.00  -  1347.71  -  1234.37  -    44.85  -  -113.34 
  31 -    90000.00  -  1390.61  -  1271.88  -    45.84  -  -118.73 
  32 -    95000.00  -  1432.40  -  1308.19  -    46.96  -  -124.21 
       Input Model          -      Layer Name      -       Reference model       - Below Reference - Above Reference
Layer index - Bedding depth -                      - Bedding depth - Layer index -  StDev  -  Abs  -  StDev  -  Abs
         32 -    95000.00 m -   Undifferentiated   -   142289.00 m -   19        -  16.76 -  635.0 -    0.31 -    6.1
Reading models/Liquidus-HerzbergZhang1996.dat for model Herzberg_Zhang_1996
Printing a full comparison for Temperature using Herzberg_Zhang_1996 as a reference
Layer#   -   Depth  - Temperature - Solidus - Liquidus
   0 -        0.00  -    281.00 -     N/A -   1979.42
   1 -     3000.00  -    381.95 -     N/A -   1980.39
   2 -     5000.00  -    438.88 -     N/A -   1982.07
   3 -     8000.00  -    537.36 -     N/A -   1985.94
   4 -    10000.00  -    581.44 -     N/A -   1988.51
   5 -    12000.00  -    602.35 -     N/A -   1991.09
   6 -    15000.00  -    636.59 -     N/A -   1994.96
   7 -    20000.00  -    714.39 -     N/A -   2001.79
   8 -    25000.00  -    772.59 -     N/A -   2009.67
   9 -    30000.00  -    824.63 -     N/A -   2017.65
  10 -    35000.00  -    873.78 -     N/A -   2025.73
  11 -    40000.00  -    923.12 -     N/A -   2033.80
  12 -    40500.00  -    928.06 -     N/A -   2034.61
  13 -    45000.00  -    972.46 -     N/A -   2041.79
  14 -    45500.00  -    977.38 -     N/A -   2042.56
  15 -    46000.00  -    982.30 -     N/A -   2043.33
  16 -    46500.00  -    987.23 -     N/A -   2044.10
  17 -    47000.00  -    992.15 -     N/A -   2044.88
  18 -    47500.00  -    997.07 -     N/A -   2045.65
  19 -    48000.00  -   1450.00 -     N/A -   2046.42
  20 -    48500.00  -   1600.00 -     N/A -   2047.19
  21 -    49000.00  -   1600.00 -     N/A -   2047.97
  22 -    49500.00  -   1575.00 -     N/A -   2048.74
  23 -    50000.00  -   1550.00 -     N/A -   2049.51
  24 -    55000.00  -   1500.00 -     N/A -   2057.23
  25 -    60000.00  -   1450.00 -     N/A -   2064.85
  26 -    65000.00  -   1400.00 -     N/A -   2072.41
  27 -    70000.00  -   1300.00 -     N/A -   2079.96
  28 -    75000.00  -   1258.85 -     N/A -   2087.37
  29 -    80000.00  -   1303.79 -     N/A -   2094.75
  30 -    85000.00  -   1347.71 -     N/A -   2102.13
  31 -    90000.00  -   1390.61 -     N/A -   2109.55
  32 -    95000.00  -   1432.40 -     N/A -   2117.00
All rocks along the profile should remain solid
Reading models/Solidus-Andraut2018.dat for model Andrault_etal_2018
Printing a full comparison for Temperature using Andrault_etal_2018 as a reference
Layer#   -   Depth  - Temperature - Solidus - Liquidus
   0 -        0.00  -    281.00 -   1371.21 -     N/A
   1 -     3000.00  -    381.95 -   1374.34 -     N/A
   2 -     5000.00  -    438.88 -   1379.99 -     N/A
   3 -     8000.00  -    537.36 -   1393.08 -     N/A
   4 -    10000.00  -    581.44 -   1401.80 -     N/A
   5 -    12000.00  -    602.35 -   1410.53 -     N/A
   6 -    15000.00  -    636.59 -   1423.61 -     N/A
   7 -    20000.00  -    714.39 -   1447.17 -     N/A
   8 -    25000.00  -    772.59 -   1475.42 -     N/A
   9 -    30000.00  -    824.63 -   1499.44 -     N/A
  10 -    35000.00  -    873.78 -   1519.61 -     N/A
  11 -    40000.00  -    923.12 -   1539.78 -     N/A
  12 -    40500.00  -    928.06 -   1541.80 -     N/A
  13 -    45000.00  -    972.46 -   1561.09 -     N/A
  14 -    45500.00  -    977.38 -   1563.51 -     N/A
  15 -    46000.00  -    982.30 -   1565.93 -     N/A
  16 -    46500.00  -    987.23 -   1568.36 -     N/A
  17 -    47000.00  -    992.15 -   1570.78 -     N/A
  18 -    47500.00  -    997.07 -   1573.20 -     N/A
  19 -    48000.00  -   1450.00 -   1575.62 -     N/A
  20 -    48500.00  -   1600.00 -   1578.04 -     N/A
  21 -    49000.00  -   1600.00 -   1580.46 -     N/A
  22 -    49500.00  -   1575.00 -   1582.89 -     N/A
  23 -    50000.00  -   1550.00 -   1585.31 -     N/A
  24 -    55000.00  -   1500.00 -   1609.53 -     N/A
  25 -    60000.00  -   1450.00 -   1628.16 -     N/A
  26 -    65000.00  -   1400.00 -   1643.24 -     N/A
  27 -    70000.00  -   1300.00 -   1658.33 -     N/A
  28 -    75000.00  -   1258.85 -   1675.06 -     N/A
  29 -    80000.00  -   1303.79 -   1691.98 -     N/A
  30 -    85000.00  -   1347.71 -   1707.36 -     N/A
  31 -    90000.00  -   1390.61 -   1720.39 -     N/A
  32 -    95000.00  -   1432.40 -   1730.36 -     N/A
Some sections along the profile should be partially molten
