python3 ./validearth.py -i examples/example1.dat
Reading a list of reference models from config.txt
 - models/ak135f-sph-deviation.dat
 - models/PREM.dat
 - models/ak135f-sph.dat
 - models/MantleChemistry.dat
 - models/Geotherm_TC1.dat
 - models/Liquidus-HerzbergZhang1996.dat
 - models/Solidus-Andraut2018.dat
Reading file examples/example1.dat
Name: MtKaputar
Longitude: 150.15694
Latitude: -30.27389
The following golden nails are used
 - Regolith layer ends at depth 5.0 (record #1)
 - Upper crust ends at depth 5000.0 (record #2)
 - Middle crust ends at depth 15000.0 (record #3)
 - Lower crust ends at depth 35000.0 (record #4)
 - Lithospheric mantle ends at depth 150000.0 (record #5)
Checking layer structure
The Moho detected using density contrast right beneath 35000.0 m
Checking layer boundaries
The crust with total thickness 35000.0 m is identified as platform
The continental lithosphere with total thickness 150000.0 m is identified as platform
Reading Pressure-Depth parameterisation from models/PREM.dat
Using PREM as a pressure-depth dependency model
Assessing the following input model physical quantities: 
Density - Vp
Assessing Density
Reading models/ak135f-sph-deviation.dat for model ak135-f
       Input Model          -      Layer Name      -       Reference model       -  Below Minimum  -  Above Maximum
Layer index - Bedding depth -                      - Bedding depth - Layer index -   Rel   -  Abs  -   Rel   -  Abs
          1 -     5000.00 m -     Upper Crust      -     3300.00 m -    3        -   0.00 -    0.0 -    0.00 -    0.0
          2 -    15000.00 m -     Middle Crust     -    10000.00 m -    5        -   0.00 -    0.0 -    0.00 -    0.0
          3 -    35000.00 m -     Lower Crust      -    18000.00 m -    7        -   0.00 -    0.0 -    0.00 -    0.0
          4 -   150000.00 m -   Undifferentiated   -  2891500.00 m -   74        -   0.00 -    0.0 -    1.05 -  142.5
Reading models/PREM.dat for model PREM
       Input Model          -      Layer Name      -       Reference model       - Below Reference - Above Reference
Layer index - Bedding depth -                      - Bedding depth - Layer index -  StDev  -  Abs  -  StDev  -  Abs
          1 -     5000.00 m -     Upper Crust      -    15000.00 m -    3        -  96.08 -  980.0 -    0.00 -    0.0
          3 -    35000.00 m -     Lower Crust      -    24400.00 m -    5        -   6.90 -  200.0 -    0.00 -    0.0
          4 -   150000.00 m -   Undifferentiated   -  6371000.00 m -   84        -   7.07 -  237.7 -    0.00 -    0.0
Reading models/ak135f-sph.dat for model ak135-f
       Input Model          -      Layer Name      -       Reference model       - Below Reference - Above Reference
Layer index - Bedding depth -                      - Bedding depth - Layer index -  StDev  -  Abs  -  StDev  -  Abs
          1 -     5000.00 m -     Upper Crust      -     3300.00 m -    3        -  96.08 -  980.0 -    0.00 -    0.0
          2 -    15000.00 m -     Middle Crust     -    10000.00 m -    5        -  15.38 -  400.0 -    0.00 -    0.0
          3 -    35000.00 m -     Lower Crust      -    18000.00 m -    7        -   6.16 -  180.0 -    0.00 -    0.0
          4 -   150000.00 m -   Undifferentiated   -  6371000.00 m -  144        -   6.21 -  210.3 -    0.00 -    0.0
Reading models/MantleChemistry.dat for model Afonso2013&Liu2023
Field not found; skipping
Reading models/Geotherm_TC1.dat for model TC1
Field not found; skipping
Reading models/Liquidus-HerzbergZhang1996.dat for model Herzberg_Zhang_1996
Field not found; skipping
Reading models/Solidus-Andraut2018.dat for model Andrault_etal_2018
Field not found; skipping
Assessing Vp
Reading models/ak135f-sph-deviation.dat for model ak135-f
       Input Model          -      Layer Name      -       Reference model       -  Below Minimum  -  Above Maximum
Layer index - Bedding depth -                      - Bedding depth - Layer index -   Rel   -  Abs  -   Rel   -  Abs
          1 -     5000.00 m -     Upper Crust      -     3300.00 m -    3        -   0.00 -    0.0 -    0.00 -    0.0
          2 -    15000.00 m -     Middle Crust     -    10000.00 m -    5        -   0.00 -    0.0 -    0.00 -    0.0
          3 -    35000.00 m -     Lower Crust      -    18000.00 m -    7        -   0.00 -    0.0 -    0.00 -    0.0
          4 -   150000.00 m -   Undifferentiated   -  2891500.00 m -   74        -   0.89 -  726.8 -    0.00 -    0.0
Reading models/PREM.dat for model PREM
       Input Model          -      Layer Name      -       Reference model       - Below Reference - Above Reference
Layer index - Bedding depth -                      - Bedding depth - Layer index -  StDev  -  Abs  -  StDev  -  Abs
          1 -     5000.00 m -     Upper Crust      -    15000.00 m -    3        -   0.00 -    0.0 -   65.52 - 3300.0
          3 -    35000.00 m -     Lower Crust      -    24400.00 m -    5        -   0.00 -    0.0 -   26.47 - 1800.0
          4 -   150000.00 m -   Undifferentiated   -  6371000.00 m -   84        -   0.00 -    0.0 -   12.87 - 1033.8
Reading models/ak135f-sph.dat for model ak135-f
       Input Model          -      Layer Name      -       Reference model       - Below Reference - Above Reference
Layer index - Bedding depth -                      - Bedding depth - Layer index -  StDev  -  Abs  -  StDev  -  Abs
          1 -     5000.00 m -     Upper Crust      -     3300.00 m -    3        -  51.52 -  850.0 -   65.52 -  950.0
          2 -    15000.00 m -     Middle Crust     -    10000.00 m -    5        -   0.00 -    0.0 -   13.79 -  800.0
          3 -    35000.00 m -     Lower Crust      -    18000.00 m -    7        -   0.00 -    0.0 -   19.12 - 1300.0
          4 -   150000.00 m -   Undifferentiated   -  6371000.00 m -  144        -   0.00 -    0.0 -   13.94 - 1133.5
Reading models/MantleChemistry.dat for model Afonso2013&Liu2023
Field not found; skipping
Reading models/Geotherm_TC1.dat for model TC1
Field not found; skipping
Reading models/Liquidus-HerzbergZhang1996.dat for model Herzberg_Zhang_1996
Field not found; skipping
Reading models/Solidus-Andraut2018.dat for model Andrault_etal_2018
Field not found; skipping
